# This file contains error messages which are shown to user, when http/https
# login is used.
# These messages can be changed to make user interface more friendly, including
# translations to different languages.
#
# Various variables can be used here as well. Most frequently used ones are:
#	$(error-orig)	- original error message from hotspot
#	$(ip)		- ip address of a client
#	$(username)	- username of client trying to log in

# internal-error
# It should never happen. If it will, error page will be shown
# displaying this error message (error-orig will describe what has happened)

internal-error = erreur interne ($(error-orig))

# config-error
# Should never happen if hotspot is configured properly.

config-error = erreur de configuration ($(error-orig))

# not-logged-in
# Will happen, if status or logout page is requested by user,
# which actually is not logged in

not-logged-in = Vous n'êtes pas connecté (ip $(ip))

# ippool-empty
# IP address for user is to be assigned from ip pool, but there are no more
# addresses in that pool

#ippool-empty = cannot assign ip address - no more free addresses from pool
ippool-empty = N'a pas obtenu de IP, les adresses IP sont épuisées, contactez l'administrateur.

# shutting-down
# When shutdown is executed, new clients are not accepted

shutting-down = le service hotspot est en train de s'arrêter

# user-session-limit
# If user profile has limit of shared-users, then this error will be shown
# after reaching this limit

#user-session-limit = no more sessions are allowed for user $(username)
user-session-limit = plus aucune session n'est autorisée pour le code utilisateur: $(username).

# license-session-limit
# Depending on licence number of active hotspot clients is limited to
# one or another amount. If this limit is reached, following error is displayed.

#license-session-limit = session limit reached ($(error-orig))
license-session-limit = limite de session atteinte. ($(error-orig))

# wrong-mac-username
# If username looks like MAC address (12:34:56:78:9a:bc), but is not
# a MAC address of this client, login is rejected

#wrong-mac-username = invalid username ($(username)): this MAC address is not yours
wrong-mac-username = Code utilisateur ($(username)) invalide!, cette adresse MAC n'est pas la vôtre!.

# chap-missing
# If http-chap login method is used, but hotspot program does not receive
# back encrypted password, this error message is shown.
# Possible reasons of failure:
#	- JavaScript is not enabled in web browser;
#	- login.html page is not valid;
#	- challenge value has expired on server (more than 1h of inactivity);
#	- http-chap login method is recently removed;
# If JavaScript is enabled and login.html page is valid,
# then retrying to login usually fixes this problem.

#chap-missing = web browser did not send challenge response (try again, enable JavaScript)
chap-missing = le navigateur web n'a pas envoyé de réponse de défi (réessayez, activez JavaScript)

# invalid-username
# Most general case of invalid username or password. If RADIUS server
# has sent an error string with Access-Reject message, then it will
# override this setting.

#invalid-username = invalid username or password
invalid-username = Code utilisateur incorrect!.

# invalid-mac
# Local users (on hotspot server) can be bound to some MAC address. If login
# from different MAC is tried, this error message will be shown.

invalid-mac = $(username) n'est pas autorisé à se connecter à partir de cette adresse MAC

# uptime-limit, traffic-limit
# For local hotspot users in case if limits are reached

#uptime-limit = user $(username) has reached uptime limit
uptime-limit = Code utilisateur $(username), durée d'accès a expiré.
#traffic-limit = user $(username) has reached traffic limit
traffic-limit = Code utilisateur $(username) a atteint la limite de trafic.

# radius-timeout
# User is authenticated by RADIUS server, but no response is received from it,
# following error will be shown.

#radius-timeout = RADIUS server is not responding
radius-timeout = Le serveur RADIUS ne répond pas.

# auth-in-progress
# Authorization in progress. Client already has issued an authorization request
# which is not yet complete.

#auth-in-progress = already authorizing, retry later
auth-in-progress = déjà autorisé, réessayer plus tard.

# radius-reply
# Radius server returned some custom error message

radius-reply = $(error-orig)
